// Jest Snapshot v1, https://goo.gl/fbAQLP

exports[`test snapshot 1`] = `
<DocumentFragment>
  <a
    aria-current="false"
    class="link"
    href="/www.google.com"
  >
    <p>
      hi
    </p>
  </a>
</DocumentFragment>
`;
