// Jest Snapshot v1, https://goo.gl/fbAQLP

exports[`test snapshot 1`] = `
<DocumentFragment>
  <div
    class="skeleton "
  />
</DocumentFragment>
`;
